// Jest Snapshot v1, https://goo.gl/fbAQLP

exports[`Storyshots SmallHeader default 1`] = `
<div>
  <div
    className="SmallHeader-container-45 SmallHeader-titleOnlyBottomPadding-46"
  >
    <h3
      className="MuiTypography-root undefined SmallHeader-title-47 MuiTypography-h3"
    >
      Tervetuloa asumaan Satolle
    </h3>
  </div>
</div>
`;

exports[`Storyshots SmallHeader with content 1`] = `
<div>
  <div>
    <div
      className="SmallHeader-container-181 SmallHeader-titleOnlyBottomPadding-182"
    >
      <h3
        className="MuiTypography-root undefined SmallHeader-title-183 MuiTypography-h3"
      >
        Tervetuloa asumaan Satolle
      </h3>
    </div>
    <div>
      <div
        className="Box-box-225 Box-pageSection-227 Box-negativeTopMargin-237"
      >
        <div
          className="MuiPaper-root MuiCard-root makeStyles-root-239 MuiPaper-elevation1 MuiPaper-rounded"
          style={
            Object {
              "background": "red",
              "height": "100px",
              "marginLeft": "auto",
              "marginRight": "auto",
              "position": "relative",
              "width": "50%",
            }
          }
        >
          CONTENT
        </div>
      </div>
    </div>
  </div>
</div>
`;

exports[`Storyshots SmallHeader with icon 1`] = `
<div>
  <div
    className="SmallHeader-container-417"
  >
    <svg
      aria-hidden="true"
      className="MuiSvgIcon-root ForwardRef-large-422 SmallHeader-icon-420"
      focusable="false"
      role="presentation"
      viewBox="0 0 40 40"
    >
      <path
        d="M16.673 24.704l1.382 1.383a2.261 2.261 0 0 1 0 3.203 2.29 2.29 0 0 1-2.116.6l-6.94 6.94a2.632 2.632 0 0 1-1.868.772 2.632 2.632 0 0 1-1.869-.772l-1.735-1.735a2.63 2.63 0 0 1-.772-1.868c0-.706.276-1.373.772-1.869l6.94-6.94a2.266 2.266 0 0 1 .6-2.116 2.29 2.29 0 0 1 1.602-.658c.61 0 1.173.239 1.602.658l1.391 1.392L29.82 9.528a.673.673 0 0 1 .174-.114l-.65-.649a.719.719 0 0 1 .067-1.077l4.86-3.727a.724.724 0 0 1 .944.057l1.125 1.125a.714.714 0 0 1 .057.944l-3.727 4.861a.702.702 0 0 1-.524.277h-.038a.714.714 0 0 1-.506-.21l-.655-.653c-.033.062-.065.125-.118.176L16.673 24.704zM34.641 5.477l-3.716 2.85 1.105 1.106 2.85-3.718-.239-.238zM17.045 28.27a.827.827 0 0 0 0-1.172l-3.785-3.785a.853.853 0 0 0-1.182 0 .829.829 0 0 0 0 1.172l.172.172-7.712 7.712a1.21 1.21 0 0 0 0 1.717l1.735 1.734c.238.238.543.352.858.352.314 0 .62-.114.858-.352l7.702-7.722.172.172a.82.82 0 0 0 .59.238.82.82 0 0 0 .592-.238zm-3.766-2.202a.72.72 0 0 1 1.01 0 .72.72 0 0 1 0 1.01l-7.168 7.17a.68.68 0 0 1-.505.209.711.711 0 0 1-.506-.21.72.72 0 0 1 0-1.01l7.17-7.17zm15.977-3.032c4.232-.829 7.989 2.47 7.989 6.587a6.771 6.771 0 0 1-.667 2.918.716.716 0 0 1-.525.39.736.736 0 0 1-.629-.2l-3.413-3.412c-.552-.553-1.525-.553-2.078 0a1.471 1.471 0 0 0 0 2.078l3.299 3.297a.69.69 0 0 1 .19.649.726.726 0 0 1-.438.514 6.294 6.294 0 0 1-2.44.477c-3.7 0-6.712-3.012-6.712-6.711a6.6 6.6 0 0 1 .123-1.277l-3.66-3.661a.718.718 0 0 1 0-1.01.72.72 0 0 1 1.011 0l3.937 3.938c.18.18.248.438.19.686a5.367 5.367 0 0 0-.17 1.324 5.286 5.286 0 0 0 5.28 5.281c.277 0 .553-.018.82-.066l-2.43-2.431a2.894 2.894 0 0 1 0-4.1c1.096-1.095 3.012-1.095 4.098 0l2.622 2.622c.114-.429.162-.867.162-1.306 0-3.346-3.118-6.014-6.606-5.109a.713.713 0 0 1-.688-.19l-3.793-3.794a.72.72 0 0 1 0-1.01.72.72 0 0 1 1.01 0l3.518 3.516zm-17.95-7.35c-4.233.84-7.989-2.459-7.989-6.577 0-.839.162-1.668.468-2.46a.704.704 0 0 1 .514-.438.733.733 0 0 1 .649.19l3.44 3.442a1.473 1.473 0 0 0 2.08 0 1.473 1.473 0 0 0 0-2.078L6.92 4.209a.71.71 0 0 1 .19-1.144 6.622 6.622 0 0 1 2.908-.667c3.699 0 6.711 3.012 6.711 6.71 0 .42-.038.84-.124 1.269l4.424 4.328a.71.71 0 0 1 .009 1.01.71.71 0 0 1-1.01.01l-4.71-4.605a.707.707 0 0 1-.19-.686 5.38 5.38 0 0 0 .171-1.325 5.287 5.287 0 0 0-6.587-5.12l2.765 2.765a2.894 2.894 0 0 1 0 4.1 2.894 2.894 0 0 1-4.1 0L4.805 8.278a6.063 6.063 0 0 0-.058.83c0 3.346 3.127 6.006 6.607 5.11a.713.713 0 0 1 .686.19l4.595 4.595a.72.72 0 0 1 0 1.01.738.738 0 0 1-.505.2.707.707 0 0 1-.506-.21l-4.318-4.317z"
      />
    </svg>
    <h3
      className="MuiTypography-root undefined SmallHeader-title-419 MuiTypography-h3"
    >
      Tervetuloa asumaan Satolle
    </h3>
  </div>
</div>
`;

exports[`Storyshots SmallHeader with icon and subtitle 1`] = `
<div>
  <div
    className="SmallHeader-container-529"
  >
    <svg
      aria-hidden="true"
      className="MuiSvgIcon-root ForwardRef-large-534 SmallHeader-icon-532"
      focusable="false"
      role="presentation"
      viewBox="0 0 40 40"
    >
      <path
        d="M16.673 24.704l1.382 1.383a2.261 2.261 0 0 1 0 3.203 2.29 2.29 0 0 1-2.116.6l-6.94 6.94a2.632 2.632 0 0 1-1.868.772 2.632 2.632 0 0 1-1.869-.772l-1.735-1.735a2.63 2.63 0 0 1-.772-1.868c0-.706.276-1.373.772-1.869l6.94-6.94a2.266 2.266 0 0 1 .6-2.116 2.29 2.29 0 0 1 1.602-.658c.61 0 1.173.239 1.602.658l1.391 1.392L29.82 9.528a.673.673 0 0 1 .174-.114l-.65-.649a.719.719 0 0 1 .067-1.077l4.86-3.727a.724.724 0 0 1 .944.057l1.125 1.125a.714.714 0 0 1 .057.944l-3.727 4.861a.702.702 0 0 1-.524.277h-.038a.714.714 0 0 1-.506-.21l-.655-.653c-.033.062-.065.125-.118.176L16.673 24.704zM34.641 5.477l-3.716 2.85 1.105 1.106 2.85-3.718-.239-.238zM17.045 28.27a.827.827 0 0 0 0-1.172l-3.785-3.785a.853.853 0 0 0-1.182 0 .829.829 0 0 0 0 1.172l.172.172-7.712 7.712a1.21 1.21 0 0 0 0 1.717l1.735 1.734c.238.238.543.352.858.352.314 0 .62-.114.858-.352l7.702-7.722.172.172a.82.82 0 0 0 .59.238.82.82 0 0 0 .592-.238zm-3.766-2.202a.72.72 0 0 1 1.01 0 .72.72 0 0 1 0 1.01l-7.168 7.17a.68.68 0 0 1-.505.209.711.711 0 0 1-.506-.21.72.72 0 0 1 0-1.01l7.17-7.17zm15.977-3.032c4.232-.829 7.989 2.47 7.989 6.587a6.771 6.771 0 0 1-.667 2.918.716.716 0 0 1-.525.39.736.736 0 0 1-.629-.2l-3.413-3.412c-.552-.553-1.525-.553-2.078 0a1.471 1.471 0 0 0 0 2.078l3.299 3.297a.69.69 0 0 1 .19.649.726.726 0 0 1-.438.514 6.294 6.294 0 0 1-2.44.477c-3.7 0-6.712-3.012-6.712-6.711a6.6 6.6 0 0 1 .123-1.277l-3.66-3.661a.718.718 0 0 1 0-1.01.72.72 0 0 1 1.011 0l3.937 3.938c.18.18.248.438.19.686a5.367 5.367 0 0 0-.17 1.324 5.286 5.286 0 0 0 5.28 5.281c.277 0 .553-.018.82-.066l-2.43-2.431a2.894 2.894 0 0 1 0-4.1c1.096-1.095 3.012-1.095 4.098 0l2.622 2.622c.114-.429.162-.867.162-1.306 0-3.346-3.118-6.014-6.606-5.109a.713.713 0 0 1-.688-.19l-3.793-3.794a.72.72 0 0 1 0-1.01.72.72 0 0 1 1.01 0l3.518 3.516zm-17.95-7.35c-4.233.84-7.989-2.459-7.989-6.577 0-.839.162-1.668.468-2.46a.704.704 0 0 1 .514-.438.733.733 0 0 1 .649.19l3.44 3.442a1.473 1.473 0 0 0 2.08 0 1.473 1.473 0 0 0 0-2.078L6.92 4.209a.71.71 0 0 1 .19-1.144 6.622 6.622 0 0 1 2.908-.667c3.699 0 6.711 3.012 6.711 6.71 0 .42-.038.84-.124 1.269l4.424 4.328a.71.71 0 0 1 .009 1.01.71.71 0 0 1-1.01.01l-4.71-4.605a.707.707 0 0 1-.19-.686 5.38 5.38 0 0 0 .171-1.325 5.287 5.287 0 0 0-6.587-5.12l2.765 2.765a2.894 2.894 0 0 1 0 4.1 2.894 2.894 0 0 1-4.1 0L4.805 8.278a6.063 6.063 0 0 0-.058.83c0 3.346 3.127 6.006 6.607 5.11a.713.713 0 0 1 .686.19l4.595 4.595a.72.72 0 0 1 0 1.01.738.738 0 0 1-.505.2.707.707 0 0 1-.506-.21l-4.318-4.317z"
      />
    </svg>
    <h3
      className="MuiTypography-root undefined SmallHeader-title-531 MuiTypography-h3"
    >
      Tervetuloa asumaan Satolle
    </h3>
    <p
      className="MuiTypography-root Text-softyXL-548 SmallHeader-title-531 MuiTypography-body1"
    >
      Lorem Ipsum
    </p>
  </div>
</div>
`;

exports[`Storyshots SmallHeader with icon, subtitle and button 1`] = `
<div>
  <div
    className="SmallHeader-container-680"
  >
    <svg
      aria-hidden="true"
      className="MuiSvgIcon-root ForwardRef-large-685 SmallHeader-icon-683"
      focusable="false"
      role="presentation"
      viewBox="0 0 40 40"
    >
      <path
        d="M16.673 24.704l1.382 1.383a2.261 2.261 0 0 1 0 3.203 2.29 2.29 0 0 1-2.116.6l-6.94 6.94a2.632 2.632 0 0 1-1.868.772 2.632 2.632 0 0 1-1.869-.772l-1.735-1.735a2.63 2.63 0 0 1-.772-1.868c0-.706.276-1.373.772-1.869l6.94-6.94a2.266 2.266 0 0 1 .6-2.116 2.29 2.29 0 0 1 1.602-.658c.61 0 1.173.239 1.602.658l1.391 1.392L29.82 9.528a.673.673 0 0 1 .174-.114l-.65-.649a.719.719 0 0 1 .067-1.077l4.86-3.727a.724.724 0 0 1 .944.057l1.125 1.125a.714.714 0 0 1 .057.944l-3.727 4.861a.702.702 0 0 1-.524.277h-.038a.714.714 0 0 1-.506-.21l-.655-.653c-.033.062-.065.125-.118.176L16.673 24.704zM34.641 5.477l-3.716 2.85 1.105 1.106 2.85-3.718-.239-.238zM17.045 28.27a.827.827 0 0 0 0-1.172l-3.785-3.785a.853.853 0 0 0-1.182 0 .829.829 0 0 0 0 1.172l.172.172-7.712 7.712a1.21 1.21 0 0 0 0 1.717l1.735 1.734c.238.238.543.352.858.352.314 0 .62-.114.858-.352l7.702-7.722.172.172a.82.82 0 0 0 .59.238.82.82 0 0 0 .592-.238zm-3.766-2.202a.72.72 0 0 1 1.01 0 .72.72 0 0 1 0 1.01l-7.168 7.17a.68.68 0 0 1-.505.209.711.711 0 0 1-.506-.21.72.72 0 0 1 0-1.01l7.17-7.17zm15.977-3.032c4.232-.829 7.989 2.47 7.989 6.587a6.771 6.771 0 0 1-.667 2.918.716.716 0 0 1-.525.39.736.736 0 0 1-.629-.2l-3.413-3.412c-.552-.553-1.525-.553-2.078 0a1.471 1.471 0 0 0 0 2.078l3.299 3.297a.69.69 0 0 1 .19.649.726.726 0 0 1-.438.514 6.294 6.294 0 0 1-2.44.477c-3.7 0-6.712-3.012-6.712-6.711a6.6 6.6 0 0 1 .123-1.277l-3.66-3.661a.718.718 0 0 1 0-1.01.72.72 0 0 1 1.011 0l3.937 3.938c.18.18.248.438.19.686a5.367 5.367 0 0 0-.17 1.324 5.286 5.286 0 0 0 5.28 5.281c.277 0 .553-.018.82-.066l-2.43-2.431a2.894 2.894 0 0 1 0-4.1c1.096-1.095 3.012-1.095 4.098 0l2.622 2.622c.114-.429.162-.867.162-1.306 0-3.346-3.118-6.014-6.606-5.109a.713.713 0 0 1-.688-.19l-3.793-3.794a.72.72 0 0 1 0-1.01.72.72 0 0 1 1.01 0l3.518 3.516zm-17.95-7.35c-4.233.84-7.989-2.459-7.989-6.577 0-.839.162-1.668.468-2.46a.704.704 0 0 1 .514-.438.733.733 0 0 1 .649.19l3.44 3.442a1.473 1.473 0 0 0 2.08 0 1.473 1.473 0 0 0 0-2.078L6.92 4.209a.71.71 0 0 1 .19-1.144 6.622 6.622 0 0 1 2.908-.667c3.699 0 6.711 3.012 6.711 6.71 0 .42-.038.84-.124 1.269l4.424 4.328a.71.71 0 0 1 .009 1.01.71.71 0 0 1-1.01.01l-4.71-4.605a.707.707 0 0 1-.19-.686 5.38 5.38 0 0 0 .171-1.325 5.287 5.287 0 0 0-6.587-5.12l2.765 2.765a2.894 2.894 0 0 1 0 4.1 2.894 2.894 0 0 1-4.1 0L4.805 8.278a6.063 6.063 0 0 0-.058.83c0 3.346 3.127 6.006 6.607 5.11a.713.713 0 0 1 .686.19l4.595 4.595a.72.72 0 0 1 0 1.01.738.738 0 0 1-.505.2.707.707 0 0 1-.506-.21l-4.318-4.317z"
      />
    </svg>
    <h3
      className="MuiTypography-root undefined SmallHeader-title-682 MuiTypography-h3"
    >
      Tervetuloa asumaan Satolle
    </h3>
    <p
      className="MuiTypography-root Text-softyXL-699 SmallHeader-title-682 MuiTypography-body1"
    >
      Lorem Ipsum
    </p>
    <div
      className="SmallHeader-buttonContainer-684"
    >
      <button
        className="MuiButtonBase-root MuiButton-root makeStyles-root-736 makeStyles-contained-739 MuiButton-contained MuiButton-containedPrimary"
        disabled={false}
        onBlur={[Function]}
        onDragLeave={[Function]}
        onFocus={[Function]}
        onKeyDown={[Function]}
        onKeyUp={[Function]}
        onMouseDown={[Function]}
        onMouseLeave={[Function]}
        onMouseUp={[Function]}
        onTouchEnd={[Function]}
        onTouchMove={[Function]}
        onTouchStart={[Function]}
        tabIndex={0}
        type="button"
      >
        <span
          className="MuiButton-label"
        >
          Click
        </span>
      </button>
    </div>
  </div>
</div>
`;

exports[`Storyshots SmallHeader with subtitle 1`] = `
<div>
  <div
    className="SmallHeader-container-317"
  >
    <h3
      className="MuiTypography-root undefined SmallHeader-title-319 MuiTypography-h3"
    >
      Tervetuloa asumaan Satolle
    </h3>
    <p
      className="MuiTypography-root Text-softyXL-324 SmallHeader-title-319 MuiTypography-body1"
    >
      Lorem Ipsum
    </p>
  </div>
</div>
`;
