// Jest Snapshot v1, https://goo.gl/fbAQLP

exports[`Slider renders correctly 1`] = `<WithStyles(ForwardRef(Slider)) />`;
